[2026-08-29 22:39:57] === PHASE 0 SKIP (gate already green on resume) ===
[2026-08-29 22:40:01] === PHASE 1 SKIP (gate already green on resume) ===
[2026-08-29 22:40:24] === PHASE 2 SKIP (gate already green on resume) ===
[2026-08-29 22:40:29] === PHASE 3 SKIP (gate already green on resume) ===
[2026-08-29 22:40:30] === PHASE 4 SKIP (gate already green on resume) ===
[2026-08-29 22:40:32] === PHASE 5 SKIP (gate already green on resume) ===
[2026-08-29 22:40:35] === PHASE 6 SKIP (gate already green on resume) ===
[2026-08-29 22:40:37] === PHASE 7 SKIP (gate already green on resume) ===
[2026-08-29 22:40:51] === PHASE 8 SKIP (gate already green on resume) ===

RUN REPORT -> B:\inky_code\.scratch\finance-os-build\progress\RUN_REPORT.md
# Finance OS V1 — build run report

- started: 2026-08-29 22:39
- finished: 2026-08-29 22:40
- completed: **all phases**

| phase | ok | blocked | error | gate_rc |
|---|---|---|---|---|
| 0 | 15 | 0 | 0 | 0 |
| 1 | 12 | 0 | 0 | 0 |
| 2 | 14 | 0 | 0 | 0 |
| 3 | 5 | 0 | 0 | 0 |
| 4 | 4 | 0 | 0 | 0 |
| 5 | 4 | 0 | 0 | 0 |
| 6 | 5 | 0 | 0 | 0 |
| 7 | 6 | 0 | 0 | 0 |
| 8 | 5 | 0 | 0 | 0 |

## phase 0 gate tail
```
(skipped on resume — gate already green)
```
## phase 1 gate tail
```
(skipped on resume — gate already green)
```
## phase 2 gate tail
```
(skipped on resume — gate already green)
```
## phase 3 gate tail
```
(skipped on resume — gate already green)
```
## phase 4 gate tail
```
(skipped on resume — gate already green)
```
## phase 5 gate tail
```
(skipped on resume — gate already green)
```
## phase 6 gate tail
```
(skipped on resume — gate already green)
```
## phase 7 gate tail
```
(skipped on resume — gate already green)
```
## phase 8 gate tail
```
(skipped on resume — gate already green)
```
BUILD RUN COMPLETE
